// Jest Snapshot v1, https://goo.gl/fbAQLP

exports[`Breadcrumbs should render breadcrumbs correctly 1`] = `
<ul
  className="sc-bwzfXH cwIifb Breadcrumbs"
>
  <li
    className="sc-bdVaJa ebFJnS list-item"
  >
    Item 1
  </li>
  <li
    className="sc-bdVaJa ebFJnS list-item"
  >
    &gt; Item 2
  </li>
</ul>
`;
